#-----------------------------------------------------------
# Vivado v2018.2 (64-bit)
# SW Build 2258646 on Thu Jun 14 20:03:12 MDT 2018
# IP Build 2256618 on Thu Jun 14 22:10:49 MDT 2018
# Start of session at: Tue Feb 27 17:23:11 2024
# Process ID: 2008
# Current directory: C:/Users/Jamar.Price/Desktop/ece281-lab2/binaryHexDisp
# Command line: vivado.exe -gui_launcher_event rodinguilauncherevent22788 C:\Users\Jamar.Price\Desktop\ece281-lab2\binaryHexDisp\binaryHexDisp.xpr
# Log file: C:/Users/Jamar.Price/Desktop/ece281-lab2/binaryHexDisp/vivado.log
# Journal file: C:/Users/Jamar.Price/Desktop/ece281-lab2/binaryHexDisp\vivado.jou
#-----------------------------------------------------------
start_gui
open_project C:/Users/Jamar.Price/Desktop/ece281-lab2/binaryHexDisp/binaryHexDisp.xpr
update_compile_order -fileset sources_1
update_compile_order -fileset sim_1
set_property SOURCE_SET sources_1 [get_filesets sim_1]
import_files -fileset sim_1 -norecurse C:/Users/Jamar.Price/Desktop/ece281-lab2/binaryHexDisp/binaryHexDisp.srcs/sim_1/imports/lab2/sevenSegDecode_tb.vhd
update_compile_order -fileset sim_1
export_ip_user_files -of_objects  [get_files C:/Users/Jamar.Price/Desktop/ece281-lab2/binaryHexDisp/binaryHexDisp.srcs/sim_1/imports/lab2/lab2_template_tb.vhd] -no_script -reset -force -quiet
remove_files  -fileset sim_1 C:/Users/Jamar.Price/Desktop/ece281-lab2/binaryHexDisp/binaryHexDisp.srcs/sim_1/imports/lab2/lab2_template_tb.vhd
# Disabling source management mode.  This is to allow the top design properties to be set without GUI intervention.
set_property source_mgmt_mode None [current_project]
set_property top sevenSegDecoder_tb [get_filesets sim_1]
set_property top_lib xil_defaultlib [get_filesets sim_1]
# Re-enabling previously disabled source management mode.
set_property source_mgmt_mode All [current_project]
update_compile_order -fileset sim_1
