#-----------------------------------------------------------
# Vivado v2018.2 (64-bit)
# SW Build 2258646 on Thu Jun 14 20:03:12 MDT 2018
# IP Build 2256618 on Thu Jun 14 22:10:49 MDT 2018
# Start of session at: Tue Feb 27 16:57:04 2024
# Process ID: 10804
# Current directory: C:/Users/Jamar.Price/Desktop/ece281-lab2/binaryHexDisp
# Command line: vivado.exe -gui_launcher_event rodinguilauncherevent11660 C:\Users\Jamar.Price\Desktop\ece281-lab2\binaryHexDisp\binaryHexDisp.xpr
# Log file: C:/Users/Jamar.Price/Desktop/ece281-lab2/binaryHexDisp/vivado.log
# Journal file: C:/Users/Jamar.Price/Desktop/ece281-lab2/binaryHexDisp\vivado.jou
#-----------------------------------------------------------
start_gui
open_project C:/Users/Jamar.Price/Desktop/ece281-lab2/binaryHexDisp/binaryHexDisp.xpr
update_compile_order -fileset sources_1
launch_simulation
source sevenSegDecoder_tb.tcl
launch_runs synth_1 -jobs 4
wait_on_run synth_1
reset_run synth_1
launch_runs impl_1 -jobs 4
wait_on_run impl_1
open_run impl_1
close_sim
